******************************************************************************
                  TMS470 Linker PC v4.9.5                      
******************************************************************************
>> Linked Tue Apr 30 13:15:37 2013

OUTPUT FILE NAME:   <april20.out>
ENTRY POINT SYMBOL: "_c_int00"  address: 000043a9


MEMORY CONFIGURATION

         name            origin    length      used     unused   attr    fill
----------------------  --------  ---------  --------  --------  ----  --------
  FLASH                 00000000   00040000  000052a0  0003ad60  R  X
  SRAM                  20000000   00008000  00001ee4  0000611c  RW X


SEGMENT ALLOCATION MAP

run origin  load origin   length   init length attrs members
----------  ----------- ---------- ----------- ----- -------
00000000    00000000    000052a0   000052a0    r-x
  00000000    00000000    0000026c   0000026c    r-- .intvecs
  0000026c    0000026c    00004b34   00004b34    r-x .text
  00004da0    00004da0    00000430   00000430    r-- .const
  000051d0    000051d0    000000d0   000000d0    r-- .cinit
20000000    20000000    00001cbc   00000000    rw-
  20000000    20000000    000018ba   00000000    rw- .bss
  200018bc    200018bc    00000400   00000000    rw- .stack
20001cbc    20001cbc    0000022a   0000022a    rw-
  20001cbc    20001cbc    0000022a   0000022a    rw- .data


SECTION ALLOCATION MAP

 output                                  attributes/
section   page    origin      length       input sections
--------  ----  ----------  ----------   ----------------
.intvecs   0    00000000    0000026c     
                  00000000    0000026c     startup_ccs.obj (.intvecs)

.text      0    0000026c    00004b34     
                  0000026c    000012be     ff.obj (.text)
                  0000152a    00000002     --HOLE-- [fill = 0]
                  0000152c    000006f8     mmc-ek-lm4f232h5qd.obj (.text)
                  00001c24    00000644     main.obj (.text)
                  00002268    000003bc     uartstdio.obj (.text)
                  00002624    00000220     usblib-cm4f.lib : usbdmsc.obj (.text:HandleEndpoints)
                  00002844    000001d8     driverlib-cm4f.lib : sysctl.obj (.text:SysCtlClockGet)
                  00002a1c    00000188     usblib-cm4f.lib : usbdconfig.obj (.text:USBDeviceConfig)
                  00002ba4    00000160                     : usbdenum.obj (.text:USBDEP0StateTxConfig)
                  00002d04    000000f4                     : usbdenum.obj (.text:USBDCDInit)
                  00002df8    000000e4                     : usbdmsc.obj (.text:USBDSCSIRead10)
                  00002edc    000000e0                     : usbdmsc.obj (.text:USBDSCSICommand)
                  00002fbc    000000d4                     : usbdenum.obj (.text:USBDeviceEnumHandler)
                  00003090    000000d0                     : usbdenum.obj (.text:USBDGetDescriptor)
                  00003160    000000c8     driverlib-cm4f.lib : gpio.obj (.text:GPIOPadConfigSet)
                  00003228    000000bc     usblib-cm4f.lib : usbdconfig.obj (.text:USBDeviceConfigAlternate)
                  000032e4    000000b8                     : usbdmsc.obj (.text:USBDSCSIWrite10)
                  0000339c    000000b0                     : usbdmsc.obj (.text:USBDMSCCompositeInit)
                  0000344c    000000a4                     : usbdenum.obj (.text:USBDeviceIntHandlerInternal)
                  000034f0    0000009c     rtsv7M4_T_le_v4SPD16_eabi.lib : memcpy_t2.obj (.text)
                  0000358c    00000094     driverlib-cm4f.lib : sysctl.obj (.text:SysCtlPeripheralReset)
                  00003620    00000094     rtsv7M4_T_le_v4SPD16_eabi.lib : auto_init.obj (.text)
                  000036b4    0000008c     usblib-cm4f.lib : usbdmsc.obj (.text:USBDSCSIReadCapacities)
                  00003740    0000008c                     : usbdmsc.obj (.text:USBDSCSIReadCapacity)
                  000037cc    00000088                     : usbdmsc.obj (.text:USBDSCSIInquiry)
                  00003854    00000084                     : usbdmsc.obj (.text:HandleDevice)
                  000038d8    00000084                     : usbdenum.obj (.text:USBDClearFeature)
                  0000395c    00000084                     : usbdmsc.obj (.text:USBDSCSIModeSense6)
                  000039e0    00000084                     : usbdenum.obj (.text:USBDSetConfiguration)
                  00003a64    00000084                     : usbdenum.obj (.text:USBDSetInterface)
                  00003ae8    00000080     driverlib-cm4f.lib : udma.obj (.text:uDMAChannelTransferSet)
                  00003b68    00000080     usbdsdcard.obj (.text)
                  00003be8    00000078     usblib-cm4f.lib : usbdenum.obj (.text:USBDGetStatus)
                  00003c60    00000078     rtsv7M4_T_le_v4SPD16_eabi.lib : memset_t2.obj (.text)
                  00003cd8    00000076     driverlib-cm4f.lib : usb.obj (.text:USBDevEndpointConfigSet)
                  00003d4e    00000002     --HOLE-- [fill = 0]
                  00003d50    00000070     usblib-cm4f.lib : usbdmsc.obj (.text:ConfigChangeHandler)
                  00003dc0    0000006c     driverlib-cm4f.lib : adc.obj (.text:ADCSequenceStepConfigure)
                  00003e2c    0000006c     usblib-cm4f.lib : usbdenum.obj (.text:USBDSetFeature)
                  00003e98    00000068                     : usbdenum.obj (.text:USBDEP0StateTx)
                  00003f00    00000064     driverlib-cm4f.lib : interrupt.obj (.text:IntEnable)
                  00003f64    00000060     usblib-cm4f.lib : usbdmsc.obj (.text:USBDSCSIRequestSense)
                  00003fc4    0000005e     driverlib-cm4f.lib : usb.obj (.text:USBDevEndpointStatusClear)
                  00004022    0000005e     rtsv7M4_T_le_v4SPD16_eabi.lib : copy_decompress_rle.obj (.text)
                  00004080    00000058     driverlib-cm4f.lib : sysctl.obj (.text:SysCtlPeripheralEnable)
                  000040d8    00000058     usblib-cm4f.lib : usbdenum.obj (.text:USBDReadAndDispatchRequest)
                  00004130    00000058                     : usbdenum.obj (.text:USBDStringIndexFromRequest)
                  00004188    00000054                     : usbdconfig.obj (.text:GetEPDescriptorType)
                  000041dc    00000050                     : usbdcdesc.obj (.text:USBDCDConfigDescGet)
                  0000422c    00000050     driverlib-cm4f.lib : usb.obj (.text:USBDevEndpointStallClear)
                  0000427c    0000004e     usblib-cm4f.lib : usbdcdesc.obj (.text:ConfigAlternateInterfaceGet)
                  000042ca    00000002     --HOLE-- [fill = 0]
                  000042cc    0000004c     rtsv7M4_T_le_v4SPD16_eabi.lib : cpy_tbl.obj (.text)
                  00004318    00000048     driverlib-cm4f.lib : gpio.obj (.text:GPIOPinConfigure)
                  00004360    00000048     usblib-cm4f.lib : usbdenum.obj (.text:USBDeviceResumeTickHandler)
                  000043a8    00000048     rtsv7M4_T_le_v4SPD16_eabi.lib : boot.obj (.text)
                  000043f0    00000046     driverlib-cm4f.lib : usb.obj (.text:USBFIFOConfigSet)
                  00004436    00000044                        : ssi.obj (.text:SSIConfigSetExpClk)
                  0000447a    00000002     --HOLE-- [fill = 0]
                  0000447c    00000044     usblib-cm4f.lib : usbdenum.obj (.text:USBDGetInterface)
                  000044c0    00000044     driverlib-cm4f.lib : usb.obj (.text:USBEndpointDataGet)
                  00004504    00000044     rtsv7M4_T_le_v4SPD16_eabi.lib : exit.obj (.text)
                  00004548    00000044     driverlib-cm4f.lib : udma.obj (.text:uDMAChannelAttributeDisable)
                  0000458c    00000042     rtsv7M4_T_le_v4SPD16_eabi.lib : u_divt2.obj (.text)
                  000045ce    0000003e     usblib-cm4f.lib : usbdconfig.obj (.text:GetEndpointFIFOSize)
                  0000460c    0000003a                     : usbdcdesc.obj (.text:USBDCDConfigGetInterfaceEndpoint)
                  00004646    00000002     --HOLE-- [fill = 0]
                  00004648    00000038                     : usbdenum.obj (.text:USBDGetConfiguration)
                  00004680    00000038     driverlib-cm4f.lib : usb.obj (.text:USBIntStatusControl)
                  000046b8    00000036     usblib-cm4f.lib : usbdcdesc.obj (.text:NextConfigDescGet)
                  000046ee    00000036     driverlib-cm4f.lib : usb.obj (.text:USBDevEndpointStall)
                  00004724    00000034     usblib-cm4f.lib : usbtick.obj (.text:InternalUSBStartOfFrameTick)
                  00004758    00000034                     : usbdmsc.obj (.text:USBDSCSISendStatus)
                  0000478c    00000032                     : usbdenum.obj (.text:USBDeviceEnumResetHandler)
                  000047be    00000002     --HOLE-- [fill = 0]
                  000047c0    00000030                     : usbtick.obj (.text:InternalUSBTickInit)
                  000047f0    00000030     driverlib-cm4f.lib : usb.obj (.text:USBEndpointDataPut)
                  00004820    0000002e                        : gpio.obj (.text:GPIODirModeSet)
                  0000484e    0000002e                        : usb.obj (.text:USBEndpointDataSend)
                  0000487c    0000002c     usblib-cm4f.lib : usbdcdesc.obj (.text:USBDCDConfigDescGetNum)
                  000048a8    0000002c                     : usbdesc.obj (.text:USBDescGet)
                  000048d4    0000002c     driverlib-cm4f.lib : udma.obj (.text:uDMAChannelModeGet)
                  00004900    0000002a                        : adc.obj (.text:ADCSequenceConfigure)
                  0000492a    00000002     --HOLE-- [fill = 0]
                  0000492c    00000028                        : timer.obj (.text:TimerConfigure)
                  00004954    00000028     usblib-cm4f.lib : usbdesc.obj (.text:USBDescGetNum)
                  0000497c    00000028     driverlib-cm4f.lib : usb.obj (.text:USBIntEnableControl)
                  000049a4    00000024     usblib-cm4f.lib : usbdenum.obj (.text:USBDSetAddress)
                  000049c8    00000024     driverlib-cm4f.lib : usb.obj (.text:USBDevEndpointDataAck)
                  000049ec    00000024                        : usb.obj (.text:USBEndpointDMADisable)
                  00004a10    00000024                        : usb.obj (.text:USBEndpointDMAEnable)
                  00004a34    00000024                        : udma.obj (.text:uDMAChannelControlSet)
                  00004a58    00000022     usblib-cm4f.lib : usbdmsc.obj (.text:HandleDisconnect)
                  00004a7a    00000022     rtsv7M4_T_le_v4SPD16_eabi.lib : memcmp.obj (.text)
                  00004a9c    00000020     usblib-cm4f.lib : usbmode.obj (.text:USBStackModeSet)
                  00004abc    0000001c                     : usbdmsc.obj (.text:HandleRequests)
                  00004ad8    0000001c                     : usbdcdesc.obj (.text:USBDCDConfigGetInterface)
                  00004af4    0000001c                     : usbdenum.obj (.text:USBDCDStallEP0)
                  00004b10    0000001a     driverlib-cm4f.lib : usb.obj (.text:USBEndpointDMAChannel)
                  00004b2a    00000002     --HOLE-- [fill = 0]
                  00004b2c    00000018     usblib-cm4f.lib : usbdhandler.obj (.text:USB0DeviceIntHandler)
                  00004b44    00000018                     : usbdcdesc.obj (.text:USBDCDConfigDescGetSize)
                  00004b5c    00000018                     : usbdmsc.obj (.text:USBDMSCInit)
                  00004b74    00000018                     : usbdenum.obj (.text:USBDSetDescriptor)
                  00004b8c    00000018                     : usbdenum.obj (.text:USBDSyncFrame)
                  00004ba4    00000018     rtsv7M4_T_le_v4SPD16_eabi.lib : _lock.obj (.text)
                  00004bbc    00000018                                   : args_main.obj (.text)
                  00004bd4    00000018     driverlib-cm4f.lib : udma.obj (.text:uDMAChannelEnable)
                  00004bec    00000016                        : usb.obj (.text:USBHostResume)
                  00004c02    00000016                        : usb.obj (.text:USBIndexWrite)
                  00004c18    00000014                        : usb.obj (.text:USBIntEnableEndpoint)
                  00004c2c    00000012                        : gpio.obj (.text:GPIOPinTypeADC)
                  00004c3e    00000012                        : gpio.obj (.text:GPIOPinTypeGPIOOutput)
                  00004c50    00000012                        : gpio.obj (.text:GPIOPinTypeSSI)
                  00004c62    00000012                        : gpio.obj (.text:GPIOPinTypeUART)
                  00004c74    00000012                        : timer.obj (.text:TimerLoadSet)
                  00004c86    00000012                        : usb.obj (.text:USBEndpointStatus)
                  00004c98    00000012     rtsv7M4_T_le_v4SPD16_eabi.lib : copy_zero_init.obj (.text:decompress:ZI)
                  00004caa    00000010     driverlib-cm4f.lib : adc.obj (.text:ADCIntEnable)
                  00004cba    00000002     --HOLE-- [fill = 0]
                  00004cbc    00000010                        : sysctl.obj (.text:SysCtlUSBPLLEnable)
                  00004ccc    00000010     usblib-cm4f.lib : usbdenum.obj (.text:USBDCDSendDataEP0)
                  00004cdc    0000000e     driverlib-cm4f.lib : adc.obj (.text:ADCSequenceEnable)
                  00004cea    0000000e                        : timer.obj (.text:TimerEnable)
                  00004cf8    0000000e     rtsv7M4_T_le_v4SPD16_eabi.lib : copy_decompress_none.obj (.text:decompress:none)
                  00004d06    0000000c     driverlib-cm4f.lib : usb.obj (.text:USBIntStatusEndpoint)
                  00004d12    0000000c     startup_ccs.obj (.text)
                  00004d1e    0000000a     driverlib-cm4f.lib : adc.obj (.text:ADCIntClear)
                  00004d28    0000000a                        : gpio.obj (.text:GPIOPinRead)
                  00004d32    0000000a                        : gpio.obj (.text:GPIOPinWrite)
                  00004d3c    0000000a                        : ssi.obj (.text:SSIDataPut)
                  00004d46    0000000a                        : ssi.obj (.text:SSIEnable)
                  00004d50    0000000a                        : usb.obj (.text:USBDevConnect)
                  00004d5a    0000000a                        : usb.obj (.text:USBDevDisconnect)
                  00004d64    00000008                        : ssi.obj (.text:SSIBusy)
                  00004d6c    00000008                        : timer.obj (.text:TimerIntEnable)
                  00004d74    00000008                        : usb.obj (.text:USBDevMode)
                  00004d7c    00000008                        : usb.obj (.text:USBFIFOAddrGet)
                  00004d84    00000008                        : usb.obj (.text:USBOTGMode)
                  00004d8c    00000006                        : sysctl.obj (.text:SysCtlDelay)
                  00004d92    00000006     rtsv7M4_T_le_v4SPD16_eabi.lib : copy_decompress_rle.obj (.text:decompress:rle24)
                  00004d98    00000004     driverlib-cm4f.lib : timer.obj (.text:TimerIntClear)
                  00004d9c    00000004                        : usb.obj (.text:USBDevAddrSet)

.const     0    00004da0    00000430     
                  00004da0    00000078     main.obj (.const:.string)
                  00004e18    00000078     driverlib-cm4f.lib : gpio.obj (.const:g_pulGPIOBaseAddrs)
                  00004e90    00000078     usblib-cm4f.lib : usbdmsc.obj (.const:g_sUSBMSCFIFOConfig)
                  00004f08    00000070     driverlib-cm4f.lib : interrupt.obj (.const)
                  00004f78    0000006c                        : sysctl.obj (.const:g_pulXtals)
                  00004fe4    00000048     usb_msc_structs.obj (.const:g_sMSCDevice)
                  0000502c    00000040     driverlib-cm4f.lib : sysctl.obj (.const)
                  0000506c    00000035     usblib-cm4f.lib : usbdmsc.obj (.const)
                  000050a1    00000003     --HOLE-- [fill = 0]
                  000050a4    00000034                     : usbdenum.obj (.const:g_psUSBDStdRequests)
                  000050d8    00000030     usb_msc_structs.obj (.const:g_pConfigString)
                  00005108    00000030     usb_msc_structs.obj (.const)
                  00005138    00000028     usb_msc_structs.obj (.const:g_pDataInterfaceString)
                  00005160    00000028     usb_msc_structs.obj (.const:g_pProductString)
                  00005188    00000024     usb_msc_structs.obj (.const:g_pManufacturerString)
                  000051ac    0000001c     uartstdio.obj (.const)
                  000051c8    00000008     main.obj (.const)

.cinit     0    000051d0    000000d0     
                  000051d0    000000ac     (.cinit..data.load) [load image, compression = rle]
                  0000527c    0000000c     (__TI_handler_table)
                  00005288    00000008     (.cinit..bss.load) [load image, compression = zero_init]
                  00005290    00000010     (__TI_cinit_table)

.bss       0    20000000    000018ba     UNINITIALIZED
                  20000000    00000a58     main.obj (.bss:cBuff)
                  20000a58    00000054     usblib-cm4f.lib : usbdenum.obj (.bss:g_psUSBDevice)
                  20000aac    00000050     main.obj (.bss)
                  20000afc    00000040     usblib-cm4f.lib : usbdmsc.obj (.bss:g_pucCommand)
                  20000b3c    00000040                     : usbdenum.obj (.bss:g_pucDataBufferIn)
                  20000b7c    00000040     main.obj (.bss:whereLast)
                  20000bbc    00000030     usblib-cm4f.lib : usbtick.obj (.bss)
                  20000bec    0000000d                     : usbdmsc.obj (.bss)
                  20000bf9    00000003     mmc-ek-lm4f232h5qd.obj (.bss)
                  20000bfc    00000004     usbdsdcard.obj (.bss)
                  20000c00    00000400     main.obj (.bss:sDMAControlTable)
                  20001000    00000230     usb_msc_structs.obj (.bss:g_sMSCInstance)
                  20001230    0000022c     main.obj (.bss:fs)
                  2000145c    00000224     main.obj (.bss:configFile)
                  20001680    00000224     main.obj (.bss:sampleFile$1)
                  200018a4    0000000c     usblib-cm4f.lib : usbmode.obj (.bss)
                  200018b0    0000000a     ff.obj (.bss)

.stack     0    200018bc    00000400     UNINITIALIZED
                  200018bc    00000400     --HOLE--

.data      0    20001cbc    0000022a     
                  20001cbc    00000180     main.obj (.data:fileArr)
                  20001e3c    0000004c     usblib-cm4f.lib : usbdmsc.obj (.data:g_sMSCDeviceInfo)
                  20001e88    00000024                     : usbdmsc.obj (.data)
                  20001eac    0000000c                     : usbtick.obj (.data)
                  20001eb8    00000009                     : usbmode.obj (.data)
                  20001ec1    00000003     --HOLE--
                  20001ec4    00000008     rtsv7M4_T_le_v4SPD16_eabi.lib : _lock.obj (.data)
                  20001ecc    00000008                                   : exit.obj (.data)
                  20001ed4    00000005     uartstdio.obj (.data)
                  20001ed9    00000003     --HOLE--
                  20001edc    00000004     rtsv7M4_T_le_v4SPD16_eabi.lib : stkdepth_vars.obj (.data)
                  20001ee0    00000004     usblib-cm4f.lib : usbdenum.obj (.data)
                  20001ee4    00000002     mmc-ek-lm4f232h5qd.obj (.data)


LINKER GENERATED COPY TABLES

__TI_cinit_table @ 00005290 records: 2, size/record: 8, table size: 16
	.data: load addr=000051d0, load size=000000ac bytes, run addr=20001cbc, run size=0000022a bytes, compression=rle
	.bss: load addr=00005288, load size=00000008 bytes, run addr=20000000, run size=000018ba bytes, compression=zero_init


LINKER GENERATED HANDLER TABLE

__TI_handler_table @ 0000527c records: 3, size/record: 4, table size: 12
	index: 0, handler: __TI_decompress_rle24
	index: 1, handler: __TI_decompress_none
	index: 2, handler: __TI_zero_init


GLOBAL SYMBOLS: SORTED ALPHABETICALLY BY Name 

address    name
--------   ----
00004d1f   ADCIntClear
00004cab   ADCIntEnable
00004901   ADCSequenceConfigure
00004cdd   ADCSequenceEnable
00003dc1   ADCSequenceStepConfigure
00004505   C$$EXIT
0000218b   DACWrite
00004821   GPIODirModeSet
00003161   GPIOPadConfigSet
00004319   GPIOPinConfigure
00004d29   GPIOPinRead
00004c2d   GPIOPinTypeADC
00004c3f   GPIOPinTypeGPIOOutput
00004c51   GPIOPinTypeSSI
00004c63   GPIOPinTypeUART
00004d33   GPIOPinWrite
0000213b   InitADC
00001cb5   InitDAC
00001d01   InitTimers
00001c87   InitUART
00003f01   IntEnable
00004725   InternalUSBStartOfFrameTick
000047c1   InternalUSBTickInit
0000207d   PacketIntHandler
00004d13   ResetISR
00002061   RxHandler
00001fa1   SD_read_wav
00001f45   SDwrite
UNDEFED    SHT$$INIT_ARRAY$$Base
UNDEFED    SHT$$INIT_ARRAY$$Limit
00004d65   SSIBusy
00004437   SSIConfigSetExpClk
00004d3d   SSIDataPut
00004d47   SSIEnable
00001f27   SampleIntHandler
00002845   SysCtlClockGet
00004d8d   SysCtlDelay
00004081   SysCtlPeripheralEnable
0000358d   SysCtlPeripheralReset
00004cbd   SysCtlUSBPLLEnable
00001f15   SysTickHandler
0000492d   TimerConfigure
00004ceb   TimerEnable
00004d99   TimerIntClear
00004d6d   TimerIntEnable
00004c75   TimerLoadSet
00001f11   TxHandler
00002567   UARTStdioConfig
000025cb   UARTStdioInit
000025b1   UARTStdioInitExpClk
00002555   UARTgetc
000024c5   UARTgets
000022a5   UARTprintf
00002269   UARTwrite
00004b2d   USB0DeviceIntHandler
000041dd   USBDCDConfigDescGet
0000487d   USBDCDConfigDescGetNum
00004b45   USBDCDConfigDescGetSize
00004ad9   USBDCDConfigGetInterface
0000460d   USBDCDConfigGetInterfaceEndpoint
00002d05   USBDCDInit
00004ccd   USBDCDSendDataEP0
00004af5   USBDCDStallEP0
0000339d   USBDMSCCompositeInit
00001eb1   USBDMSCEventCallback
00004b5d   USBDMSCInit
00003bcf   USBDMSCStorageClose
00003bbf   USBDMSCStorageNumBlocks
00003b95   USBDMSCStorageOpen
00003b7f   USBDMSCStorageRead
00003b69   USBDMSCStorageWrite
00002edd   USBDSCSICommand
000048a9   USBDescGet
00004955   USBDescGetNum
00004d9d   USBDevAddrSet
00004d51   USBDevConnect
00004d5b   USBDevDisconnect
00003cd9   USBDevEndpointConfigSet
000049c9   USBDevEndpointDataAck
000046ef   USBDevEndpointStall
0000422d   USBDevEndpointStallClear
00003fc5   USBDevEndpointStatusClear
00004d75   USBDevMode
00002a1d   USBDeviceConfig
00003229   USBDeviceConfigAlternate
00002fbd   USBDeviceEnumHandler
0000478d   USBDeviceEnumResetHandler
0000344d   USBDeviceIntHandlerInternal
00004361   USBDeviceResumeTickHandler
00004b11   USBEndpointDMAChannel
000049ed   USBEndpointDMADisable
00004a11   USBEndpointDMAEnable
000044c1   USBEndpointDataGet
000047f1   USBEndpointDataPut
0000484f   USBEndpointDataSend
00004c87   USBEndpointStatus
00004d7d   USBFIFOAddrGet
000043f1   USBFIFOConfigSet
00004bed   USBHostResume
0000497d   USBIntEnableControl
00004c19   USBIntEnableEndpoint
00004681   USBIntStatusControl
00004d07   USBIntStatusEndpoint
00004d85   USBOTGMode
00004a9d   USBStackModeSet
20001cbc   __STACK_END
00000400   __STACK_SIZE
200019bc   __STACK_TOP
00005290   __TI_CINIT_Base
000052a0   __TI_CINIT_Limit
0000527c   __TI_Handler_Table_Base
00005288   __TI_Handler_Table_Limit
00000001   __TI_args_main
00003621   __TI_auto_init
00004cf9   __TI_decompress_none
00004d93   __TI_decompress_rle24
00000000   __TI_static_base__
00004c99   __TI_zero_init
00003c61   __aeabi_memclr
00003c61   __aeabi_memclr4
00003c61   __aeabi_memclr8
000034f1   __aeabi_memcpy
000034f1   __aeabi_memcpy4
000034f1   __aeabi_memcpy8
00003c63   __aeabi_memset
00003c63   __aeabi_memset4
00003c63   __aeabi_memset8
0000458d   __aeabi_uidivmod
ffffffff   __binit__
ffffffff   __c_args__
200018bc   __stack
00004bbd   _args_main
000043a9   _c_int00
20001ecc   _cleanup_ptr
20001ed0   _dtors_ptr
20001ec4   _lock
00004bb1   _nop
00004bab   _register_lock
00004ba5   _register_unlock
20001ec8   _unlock
00004509   abort
ffffffff   binit
20000000   cBuff
000042cd   copy_in
00001ae1   disk_initialize
0000193d   disk_ioctl
000017d1   disk_read
00001731   disk_status
00001717   disk_timerproc
00001669   disk_write
00004511   exit
000014dd   f_chmod
000014cd   f_close
00001425   f_getfree
00001301   f_lseek
000011df   f_mkdir
000011a7   f_mount
0000106f   f_open
0000100f   f_opendir
00000ebb   f_read
00000e59   f_readdir
00000db3   f_rename
00000caf   f_stat
00000bbf   f_sync
00000af3   f_unlink
00000529   f_write
20001cbc   fileArr
20001eac   g_bUSBTimerInitialized
20000af0   g_eMSCState
200018a8   g_eOTGModeState
20001eb8   g_eUSBMode
000050d8   g_pConfigString
00005138   g_pDataInterfaceString
00005108   g_pLangDescriptor
0000509c   g_pMSCConfigDescriptors
0000506c   g_pMSCInterface
00005188   g_pManufacturerString
00005160   g_pProductString
0000510c   g_pSerialNumberString
00005120   g_pStringDescriptors
20000bbc   g_pfTickHandlers
00000000   g_pfnVectors
20001ea4   g_psMSCSections
20000a58   g_psUSBDevice
20000bd4   g_pvTickInstance
20000bfc   g_sDriveInformation
00005094   g_sMSCConfigHeader
00005084   g_sMSCConfigSection
00004fe4   g_sMSCDevice
20001e3c   g_sMSCDeviceInfo
20001000   g_sMSCInstance
0000508c   g_sMSCInterfaceSection
00004e90   g_sUSBMSCFIFOConfig
20001eb0   g_ulCurrentUSBTick
200018a4   g_ulPollRate
20001eb4   g_ulUSBSOFCount
20001ebc   g_ulWaitTicks
0000152d   get_fattime
20000ab0   latchHold
20000ad0   looping
00001d7f   main
20001edc   main_func_sp
00004a7b   memcmp
000034f1   memcpy
00003c69   memset
20000ac0   playing
00001c25   poll_buttons
20000ae0   pressed
20000c00   sDMAControlTable
00004549   uDMAChannelAttributeDisable
00004a35   uDMAChannelControlSet
00004bd5   uDMAChannelEnable
000048d5   uDMAChannelModeGet
00003ae9   uDMAChannelTransferSet
20000b7c   whereLast


GLOBAL SYMBOLS: SORTED BY Symbol Address 

address    name
--------   ----
00000000   __TI_static_base__
00000000   g_pfnVectors
00000001   __TI_args_main
00000400   __STACK_SIZE
00000529   f_write
00000af3   f_unlink
00000bbf   f_sync
00000caf   f_stat
00000db3   f_rename
00000e59   f_readdir
00000ebb   f_read
0000100f   f_opendir
0000106f   f_open
000011a7   f_mount
000011df   f_mkdir
00001301   f_lseek
00001425   f_getfree
000014cd   f_close
000014dd   f_chmod
0000152d   get_fattime
00001669   disk_write
00001717   disk_timerproc
00001731   disk_status
000017d1   disk_read
0000193d   disk_ioctl
00001ae1   disk_initialize
00001c25   poll_buttons
00001c87   InitUART
00001cb5   InitDAC
00001d01   InitTimers
00001d7f   main
00001eb1   USBDMSCEventCallback
00001f11   TxHandler
00001f15   SysTickHandler
00001f27   SampleIntHandler
00001f45   SDwrite
00001fa1   SD_read_wav
00002061   RxHandler
0000207d   PacketIntHandler
0000213b   InitADC
0000218b   DACWrite
00002269   UARTwrite
000022a5   UARTprintf
000024c5   UARTgets
00002555   UARTgetc
00002567   UARTStdioConfig
000025b1   UARTStdioInitExpClk
000025cb   UARTStdioInit
00002845   SysCtlClockGet
00002a1d   USBDeviceConfig
00002d05   USBDCDInit
00002edd   USBDSCSICommand
00002fbd   USBDeviceEnumHandler
00003161   GPIOPadConfigSet
00003229   USBDeviceConfigAlternate
0000339d   USBDMSCCompositeInit
0000344d   USBDeviceIntHandlerInternal
000034f1   __aeabi_memcpy
000034f1   __aeabi_memcpy4
000034f1   __aeabi_memcpy8
000034f1   memcpy
0000358d   SysCtlPeripheralReset
00003621   __TI_auto_init
00003ae9   uDMAChannelTransferSet
00003b69   USBDMSCStorageWrite
00003b7f   USBDMSCStorageRead
00003b95   USBDMSCStorageOpen
00003bbf   USBDMSCStorageNumBlocks
00003bcf   USBDMSCStorageClose
00003c61   __aeabi_memclr
00003c61   __aeabi_memclr4
00003c61   __aeabi_memclr8
00003c63   __aeabi_memset
00003c63   __aeabi_memset4
00003c63   __aeabi_memset8
00003c69   memset
00003cd9   USBDevEndpointConfigSet
00003dc1   ADCSequenceStepConfigure
00003f01   IntEnable
00003fc5   USBDevEndpointStatusClear
00004081   SysCtlPeripheralEnable
000041dd   USBDCDConfigDescGet
0000422d   USBDevEndpointStallClear
000042cd   copy_in
00004319   GPIOPinConfigure
00004361   USBDeviceResumeTickHandler
000043a9   _c_int00
000043f1   USBFIFOConfigSet
00004437   SSIConfigSetExpClk
000044c1   USBEndpointDataGet
00004505   C$$EXIT
00004509   abort
00004511   exit
00004549   uDMAChannelAttributeDisable
0000458d   __aeabi_uidivmod
0000460d   USBDCDConfigGetInterfaceEndpoint
00004681   USBIntStatusControl
000046ef   USBDevEndpointStall
00004725   InternalUSBStartOfFrameTick
0000478d   USBDeviceEnumResetHandler
000047c1   InternalUSBTickInit
000047f1   USBEndpointDataPut
00004821   GPIODirModeSet
0000484f   USBEndpointDataSend
0000487d   USBDCDConfigDescGetNum
000048a9   USBDescGet
000048d5   uDMAChannelModeGet
00004901   ADCSequenceConfigure
0000492d   TimerConfigure
00004955   USBDescGetNum
0000497d   USBIntEnableControl
000049c9   USBDevEndpointDataAck
000049ed   USBEndpointDMADisable
00004a11   USBEndpointDMAEnable
00004a35   uDMAChannelControlSet
00004a7b   memcmp
00004a9d   USBStackModeSet
00004ad9   USBDCDConfigGetInterface
00004af5   USBDCDStallEP0
00004b11   USBEndpointDMAChannel
00004b2d   USB0DeviceIntHandler
00004b45   USBDCDConfigDescGetSize
00004b5d   USBDMSCInit
00004ba5   _register_unlock
00004bab   _register_lock
00004bb1   _nop
00004bbd   _args_main
00004bd5   uDMAChannelEnable
00004bed   USBHostResume
00004c19   USBIntEnableEndpoint
00004c2d   GPIOPinTypeADC
00004c3f   GPIOPinTypeGPIOOutput
00004c51   GPIOPinTypeSSI
00004c63   GPIOPinTypeUART
00004c75   TimerLoadSet
00004c87   USBEndpointStatus
00004c99   __TI_zero_init
00004cab   ADCIntEnable
00004cbd   SysCtlUSBPLLEnable
00004ccd   USBDCDSendDataEP0
00004cdd   ADCSequenceEnable
00004ceb   TimerEnable
00004cf9   __TI_decompress_none
00004d07   USBIntStatusEndpoint
00004d13   ResetISR
00004d1f   ADCIntClear
00004d29   GPIOPinRead
00004d33   GPIOPinWrite
00004d3d   SSIDataPut
00004d47   SSIEnable
00004d51   USBDevConnect
00004d5b   USBDevDisconnect
00004d65   SSIBusy
00004d6d   TimerIntEnable
00004d75   USBDevMode
00004d7d   USBFIFOAddrGet
00004d85   USBOTGMode
00004d8d   SysCtlDelay
00004d93   __TI_decompress_rle24
00004d99   TimerIntClear
00004d9d   USBDevAddrSet
00004e90   g_sUSBMSCFIFOConfig
00004fe4   g_sMSCDevice
0000506c   g_pMSCInterface
00005084   g_sMSCConfigSection
0000508c   g_sMSCInterfaceSection
00005094   g_sMSCConfigHeader
0000509c   g_pMSCConfigDescriptors
000050d8   g_pConfigString
00005108   g_pLangDescriptor
0000510c   g_pSerialNumberString
00005120   g_pStringDescriptors
00005138   g_pDataInterfaceString
00005160   g_pProductString
00005188   g_pManufacturerString
0000527c   __TI_Handler_Table_Base
00005288   __TI_Handler_Table_Limit
00005290   __TI_CINIT_Base
000052a0   __TI_CINIT_Limit
20000000   cBuff
20000a58   g_psUSBDevice
20000ab0   latchHold
20000ac0   playing
20000ad0   looping
20000ae0   pressed
20000af0   g_eMSCState
20000b7c   whereLast
20000bbc   g_pfTickHandlers
20000bd4   g_pvTickInstance
20000bfc   g_sDriveInformation
20000c00   sDMAControlTable
20001000   g_sMSCInstance
200018a4   g_ulPollRate
200018a8   g_eOTGModeState
200018bc   __stack
200019bc   __STACK_TOP
20001cbc   __STACK_END
20001cbc   fileArr
20001e3c   g_sMSCDeviceInfo
20001ea4   g_psMSCSections
20001eac   g_bUSBTimerInitialized
20001eb0   g_ulCurrentUSBTick
20001eb4   g_ulUSBSOFCount
20001eb8   g_eUSBMode
20001ebc   g_ulWaitTicks
20001ec4   _lock
20001ec8   _unlock
20001ecc   _cleanup_ptr
20001ed0   _dtors_ptr
20001edc   main_func_sp
ffffffff   __binit__
ffffffff   __c_args__
ffffffff   binit
UNDEFED    SHT$$INIT_ARRAY$$Base
UNDEFED    SHT$$INIT_ARRAY$$Limit

[215 symbols]
