******************************************************************************
                  TMS470 Linker PC v4.9.5                      
******************************************************************************
>> Linked Mon May 06 13:50:33 2013

OUTPUT FILE NAME:   <april20.out>
ENTRY POINT SYMBOL: "_c_int00"  address: 00004315


MEMORY CONFIGURATION

         name            origin    length      used     unused   attr    fill
----------------------  --------  ---------  --------  --------  ----  --------
  FLASH                 00000000   00040000  00005244  0003adbc  R  X
  SRAM                  20000000   00008000  00001cea  00006316  RW X


SEGMENT ALLOCATION MAP

run origin  load origin   length   init length attrs members
----------  ----------- ---------- ----------- ----- -------
00000000    00000000    00005248   00005248    r-x
  00000000    00000000    0000026c   0000026c    r-- .intvecs
  0000026c    0000026c    00004ad0   00004ad0    r-x .text
  00004d3c    00004d3c    00000438   00000438    r-- .const
  00005178    00005178    000000d0   000000d0    r-- .cinit
20000000    20000000    00001ac0   00000000    rw-
  20000000    20000000    000016c0   00000000    rw- .bss
  200016c0    200016c0    00000400   00000000    rw- .stack
20001ac0    20001ac0    0000022a   0000022a    rw-
  20001ac0    20001ac0    0000022a   0000022a    rw- .data


SECTION ALLOCATION MAP

 output                                  attributes/
section   page    origin      length       input sections
--------  ----  ----------  ----------   ----------------
.intvecs   0    00000000    0000026c     
                  00000000    0000026c     startup_ccs.obj (.intvecs)

.text      0    0000026c    00004ad0     
                  0000026c    000012be     ff.obj (.text)
                  0000152a    00000002     --HOLE-- [fill = 0]
                  0000152c    000006f8     mmc-ek-lm4f232h5qd.obj (.text)
                  00001c24    000003c4     main.obj (.text)
                  00001fe8    000003bc     uartstdio.obj (.text)
                  000023a4    00000220     usblib-cm4f.lib : usbdmsc.obj (.text:HandleEndpoints)
                  000025c4    000001ec     init.obj (.text)
                  000027b0    000001d8     driverlib-cm4f.lib : sysctl.obj (.text:SysCtlClockGet)
                  00002988    00000188     usblib-cm4f.lib : usbdconfig.obj (.text:USBDeviceConfig)
                  00002b10    00000160                     : usbdenum.obj (.text:USBDEP0StateTxConfig)
                  00002c70    000000f4                     : usbdenum.obj (.text:USBDCDInit)
                  00002d64    000000e4                     : usbdmsc.obj (.text:USBDSCSIRead10)
                  00002e48    000000e0                     : usbdmsc.obj (.text:USBDSCSICommand)
                  00002f28    000000d4                     : usbdenum.obj (.text:USBDeviceEnumHandler)
                  00002ffc    000000d0                     : usbdenum.obj (.text:USBDGetDescriptor)
                  000030cc    000000c8     driverlib-cm4f.lib : gpio.obj (.text:GPIOPadConfigSet)
                  00003194    000000bc     usblib-cm4f.lib : usbdconfig.obj (.text:USBDeviceConfigAlternate)
                  00003250    000000b8                     : usbdmsc.obj (.text:USBDSCSIWrite10)
                  00003308    000000b0                     : usbdmsc.obj (.text:USBDMSCCompositeInit)
                  000033b8    000000a4                     : usbdenum.obj (.text:USBDeviceIntHandlerInternal)
                  0000345c    0000009c     rtsv7M4_T_le_v4SPD16_eabi.lib : memcpy_t2.obj (.text)
                  000034f8    00000094     driverlib-cm4f.lib : sysctl.obj (.text:SysCtlPeripheralReset)
                  0000358c    00000094     rtsv7M4_T_le_v4SPD16_eabi.lib : auto_init.obj (.text)
                  00003620    0000008c     usblib-cm4f.lib : usbdmsc.obj (.text:USBDSCSIReadCapacities)
                  000036ac    0000008c                     : usbdmsc.obj (.text:USBDSCSIReadCapacity)
                  00003738    00000088                     : usbdmsc.obj (.text:USBDSCSIInquiry)
                  000037c0    00000084                     : usbdmsc.obj (.text:HandleDevice)
                  00003844    00000084                     : usbdenum.obj (.text:USBDClearFeature)
                  000038c8    00000084                     : usbdmsc.obj (.text:USBDSCSIModeSense6)
                  0000394c    00000084                     : usbdenum.obj (.text:USBDSetConfiguration)
                  000039d0    00000084                     : usbdenum.obj (.text:USBDSetInterface)
                  00003a54    00000080     driverlib-cm4f.lib : udma.obj (.text:uDMAChannelTransferSet)
                  00003ad4    00000080     usbdsdcard.obj (.text)
                  00003b54    00000078     usblib-cm4f.lib : usbdenum.obj (.text:USBDGetStatus)
                  00003bcc    00000078     rtsv7M4_T_le_v4SPD16_eabi.lib : memset_t2.obj (.text)
                  00003c44    00000076     driverlib-cm4f.lib : usb.obj (.text:USBDevEndpointConfigSet)
                  00003cba    00000002     --HOLE-- [fill = 0]
                  00003cbc    00000070     usblib-cm4f.lib : usbdmsc.obj (.text:ConfigChangeHandler)
                  00003d2c    0000006c     driverlib-cm4f.lib : adc.obj (.text:ADCSequenceStepConfigure)
                  00003d98    0000006c     usblib-cm4f.lib : usbdenum.obj (.text:USBDSetFeature)
                  00003e04    00000068                     : usbdenum.obj (.text:USBDEP0StateTx)
                  00003e6c    00000064     driverlib-cm4f.lib : interrupt.obj (.text:IntEnable)
                  00003ed0    00000060     usblib-cm4f.lib : usbdmsc.obj (.text:USBDSCSIRequestSense)
                  00003f30    0000005e     driverlib-cm4f.lib : usb.obj (.text:USBDevEndpointStatusClear)
                  00003f8e    0000005e     rtsv7M4_T_le_v4SPD16_eabi.lib : copy_decompress_rle.obj (.text)
                  00003fec    00000058     driverlib-cm4f.lib : sysctl.obj (.text:SysCtlPeripheralEnable)
                  00004044    00000058     usblib-cm4f.lib : usbdenum.obj (.text:USBDReadAndDispatchRequest)
                  0000409c    00000058                     : usbdenum.obj (.text:USBDStringIndexFromRequest)
                  000040f4    00000054                     : usbdconfig.obj (.text:GetEPDescriptorType)
                  00004148    00000050                     : usbdcdesc.obj (.text:USBDCDConfigDescGet)
                  00004198    00000050     driverlib-cm4f.lib : usb.obj (.text:USBDevEndpointStallClear)
                  000041e8    0000004e     usblib-cm4f.lib : usbdcdesc.obj (.text:ConfigAlternateInterfaceGet)
                  00004236    00000002     --HOLE-- [fill = 0]
                  00004238    0000004c     rtsv7M4_T_le_v4SPD16_eabi.lib : cpy_tbl.obj (.text)
                  00004284    00000048     driverlib-cm4f.lib : gpio.obj (.text:GPIOPinConfigure)
                  000042cc    00000048     usblib-cm4f.lib : usbdenum.obj (.text:USBDeviceResumeTickHandler)
                  00004314    00000048     rtsv7M4_T_le_v4SPD16_eabi.lib : boot.obj (.text)
                  0000435c    00000046     driverlib-cm4f.lib : usb.obj (.text:USBFIFOConfigSet)
                  000043a2    00000044                        : ssi.obj (.text:SSIConfigSetExpClk)
                  000043e6    00000002     --HOLE-- [fill = 0]
                  000043e8    00000044     usblib-cm4f.lib : usbdenum.obj (.text:USBDGetInterface)
                  0000442c    00000044     driverlib-cm4f.lib : usb.obj (.text:USBEndpointDataGet)
                  00004470    00000044     rtsv7M4_T_le_v4SPD16_eabi.lib : exit.obj (.text)
                  000044b4    00000044     driverlib-cm4f.lib : udma.obj (.text:uDMAChannelAttributeDisable)
                  000044f8    00000042     rtsv7M4_T_le_v4SPD16_eabi.lib : u_divt2.obj (.text)
                  0000453a    0000003e     usblib-cm4f.lib : usbdconfig.obj (.text:GetEndpointFIFOSize)
                  00004578    0000003a                     : usbdcdesc.obj (.text:USBDCDConfigGetInterfaceEndpoint)
                  000045b2    00000002     --HOLE-- [fill = 0]
                  000045b4    00000038                     : usbdenum.obj (.text:USBDGetConfiguration)
                  000045ec    00000038     driverlib-cm4f.lib : usb.obj (.text:USBIntStatusControl)
                  00004624    00000036     usblib-cm4f.lib : usbdcdesc.obj (.text:NextConfigDescGet)
                  0000465a    00000036     driverlib-cm4f.lib : usb.obj (.text:USBDevEndpointStall)
                  00004690    00000034     usblib-cm4f.lib : usbtick.obj (.text:InternalUSBStartOfFrameTick)
                  000046c4    00000034                     : usbdmsc.obj (.text:USBDSCSISendStatus)
                  000046f8    00000032                     : usbdenum.obj (.text:USBDeviceEnumResetHandler)
                  0000472a    00000002     --HOLE-- [fill = 0]
                  0000472c    00000030                     : usbtick.obj (.text:InternalUSBTickInit)
                  0000475c    00000030     driverlib-cm4f.lib : usb.obj (.text:USBEndpointDataPut)
                  0000478c    0000002e                        : gpio.obj (.text:GPIODirModeSet)
                  000047ba    0000002e                        : usb.obj (.text:USBEndpointDataSend)
                  000047e8    0000002c     usblib-cm4f.lib : usbdcdesc.obj (.text:USBDCDConfigDescGetNum)
                  00004814    0000002c                     : usbdesc.obj (.text:USBDescGet)
                  00004840    0000002c     driverlib-cm4f.lib : udma.obj (.text:uDMAChannelModeGet)
                  0000486c    0000002a                        : adc.obj (.text:ADCSequenceConfigure)
                  00004896    00000002     --HOLE-- [fill = 0]
                  00004898    00000028                        : timer.obj (.text:TimerConfigure)
                  000048c0    00000028     usblib-cm4f.lib : usbdesc.obj (.text:USBDescGetNum)
                  000048e8    00000028     driverlib-cm4f.lib : usb.obj (.text:USBIntEnableControl)
                  00004910    00000024     usblib-cm4f.lib : usbdenum.obj (.text:USBDSetAddress)
                  00004934    00000024     driverlib-cm4f.lib : usb.obj (.text:USBDevEndpointDataAck)
                  00004958    00000024                        : usb.obj (.text:USBEndpointDMADisable)
                  0000497c    00000024                        : usb.obj (.text:USBEndpointDMAEnable)
                  000049a0    00000024                        : udma.obj (.text:uDMAChannelControlSet)
                  000049c4    00000022     usblib-cm4f.lib : usbdmsc.obj (.text:HandleDisconnect)
                  000049e6    00000022     rtsv7M4_T_le_v4SPD16_eabi.lib : memcmp.obj (.text)
                  00004a08    00000020     driverlib-cm4f.lib : sysctl.obj (.text:SysCtlADCSpeedSet)
                  00004a28    00000020     usblib-cm4f.lib : usbmode.obj (.text:USBStackModeSet)
                  00004a48    0000001c                     : usbdmsc.obj (.text:HandleRequests)
                  00004a64    0000001c                     : usbdcdesc.obj (.text:USBDCDConfigGetInterface)
                  00004a80    0000001c                     : usbdenum.obj (.text:USBDCDStallEP0)
                  00004a9c    0000001a     driverlib-cm4f.lib : usb.obj (.text:USBEndpointDMAChannel)
                  00004ab6    00000002     --HOLE-- [fill = 0]
                  00004ab8    00000018     usblib-cm4f.lib : usbdhandler.obj (.text:USB0DeviceIntHandler)
                  00004ad0    00000018                     : usbdcdesc.obj (.text:USBDCDConfigDescGetSize)
                  00004ae8    00000018                     : usbdmsc.obj (.text:USBDMSCInit)
                  00004b00    00000018                     : usbdenum.obj (.text:USBDSetDescriptor)
                  00004b18    00000018                     : usbdenum.obj (.text:USBDSyncFrame)
                  00004b30    00000018     rtsv7M4_T_le_v4SPD16_eabi.lib : _lock.obj (.text)
                  00004b48    00000018                                   : args_main.obj (.text)
                  00004b60    00000018     driverlib-cm4f.lib : udma.obj (.text:uDMAChannelEnable)
                  00004b78    00000016                        : usb.obj (.text:USBHostResume)
                  00004b8e    00000016                        : usb.obj (.text:USBIndexWrite)
                  00004ba4    00000014                        : usb.obj (.text:USBIntEnableEndpoint)
                  00004bb8    00000012                        : gpio.obj (.text:GPIOPinTypeADC)
                  00004bca    00000012                        : gpio.obj (.text:GPIOPinTypeGPIOInput)
                  00004bdc    00000012                        : gpio.obj (.text:GPIOPinTypeGPIOOutput)
                  00004bee    00000012                        : gpio.obj (.text:GPIOPinTypeSSI)
                  00004c00    00000012                        : gpio.obj (.text:GPIOPinTypeUART)
                  00004c12    00000012                        : timer.obj (.text:TimerLoadSet)
                  00004c24    00000012                        : usb.obj (.text:USBEndpointStatus)
                  00004c36    00000012     rtsv7M4_T_le_v4SPD16_eabi.lib : copy_zero_init.obj (.text:decompress:ZI)
                  00004c48    00000010     driverlib-cm4f.lib : adc.obj (.text:ADCIntEnable)
                  00004c58    00000010                        : sysctl.obj (.text:SysCtlUSBPLLEnable)
                  00004c68    00000010     usblib-cm4f.lib : usbdenum.obj (.text:USBDCDSendDataEP0)
                  00004c78    0000000e     driverlib-cm4f.lib : adc.obj (.text:ADCSequenceEnable)
                  00004c86    0000000e                        : timer.obj (.text:TimerEnable)
                  00004c94    0000000e     rtsv7M4_T_le_v4SPD16_eabi.lib : copy_decompress_none.obj (.text:decompress:none)
                  00004ca2    0000000c     driverlib-cm4f.lib : usb.obj (.text:USBIntStatusEndpoint)
                  00004cae    0000000c     startup_ccs.obj (.text)
                  00004cba    0000000a     driverlib-cm4f.lib : adc.obj (.text:ADCIntClear)
                  00004cc4    0000000a                        : gpio.obj (.text:GPIOPinRead)
                  00004cce    0000000a                        : gpio.obj (.text:GPIOPinWrite)
                  00004cd8    0000000a                        : ssi.obj (.text:SSIDataPut)
                  00004ce2    0000000a                        : ssi.obj (.text:SSIEnable)
                  00004cec    0000000a                        : usb.obj (.text:USBDevConnect)
                  00004cf6    0000000a                        : usb.obj (.text:USBDevDisconnect)
                  00004d00    00000008                        : ssi.obj (.text:SSIBusy)
                  00004d08    00000008                        : timer.obj (.text:TimerIntEnable)
                  00004d10    00000008                        : usb.obj (.text:USBDevMode)
                  00004d18    00000008                        : usb.obj (.text:USBFIFOAddrGet)
                  00004d20    00000008                        : usb.obj (.text:USBOTGMode)
                  00004d28    00000006                        : sysctl.obj (.text:SysCtlDelay)
                  00004d2e    00000006     rtsv7M4_T_le_v4SPD16_eabi.lib : copy_decompress_rle.obj (.text:decompress:rle24)
                  00004d34    00000004     driverlib-cm4f.lib : timer.obj (.text:TimerIntClear)
                  00004d38    00000004                        : usb.obj (.text:USBDevAddrSet)

.const     0    00004d3c    00000438     
                  00004d3c    00000080     main.obj (.const:.string)
                  00004dbc    00000078     driverlib-cm4f.lib : gpio.obj (.const:g_pulGPIOBaseAddrs)
                  00004e34    00000078     usblib-cm4f.lib : usbdmsc.obj (.const:g_sUSBMSCFIFOConfig)
                  00004eac    00000070     driverlib-cm4f.lib : interrupt.obj (.const)
                  00004f1c    0000006c                        : sysctl.obj (.const:g_pulXtals)
                  00004f88    00000048     usb_msc_structs.obj (.const:g_sMSCDevice)
                  00004fd0    00000040     driverlib-cm4f.lib : sysctl.obj (.const)
                  00005010    00000035     usblib-cm4f.lib : usbdmsc.obj (.const)
                  00005045    00000003     --HOLE-- [fill = 0]
                  00005048    00000034                     : usbdenum.obj (.const:g_psUSBDStdRequests)
                  0000507c    00000030     usb_msc_structs.obj (.const:g_pConfigString)
                  000050ac    00000030     usb_msc_structs.obj (.const)
                  000050dc    00000028     usb_msc_structs.obj (.const:g_pDataInterfaceString)
                  00005104    00000028     usb_msc_structs.obj (.const:g_pProductString)
                  0000512c    00000024     usb_msc_structs.obj (.const:g_pManufacturerString)
                  00005150    0000001c     uartstdio.obj (.const)
                  0000516c    00000008     main.obj (.const)

.cinit     0    00005178    000000d0     
                  00005178    000000ac     (.cinit..data.load) [load image, compression = rle]
                  00005224    0000000c     (__TI_handler_table)
                  00005230    00000008     (.cinit..bss.load) [load image, compression = zero_init]
                  00005238    00000010     (__TI_cinit_table)

.bss       0    20000000    000016c0     UNINITIALIZED
                  20000000    00000a58     main.obj (.bss:cBuff)
                  20000a58    00000078     main.obj (.bss)
                  20000ad0    00000054     usblib-cm4f.lib : usbdenum.obj (.bss:g_psUSBDevice)
                  20000b24    00000040                     : usbdmsc.obj (.bss:g_pucCommand)
                  20000b64    00000040                     : usbdenum.obj (.bss:g_pucDataBufferIn)
                  20000ba4    00000040     main.obj (.bss:whereLast)
                  20000be4    0000000d     usblib-cm4f.lib : usbdmsc.obj (.bss)
                  20000bf1    00000003     mmc-ek-lm4f232h5qd.obj (.bss)
                  20000bf4    0000000c     usblib-cm4f.lib : usbmode.obj (.bss)
                  20000c00    00000400     main.obj (.bss:sDMAControlTable)
                  20001000    00000230     usb_msc_structs.obj (.bss:g_sMSCInstance)
                  20001230    0000022c     main.obj (.bss:fs)
                  2000145c    00000224     main.obj (.bss:sampleFile)
                  20001680    00000030     usblib-cm4f.lib : usbtick.obj (.bss)
                  200016b0    0000000a     ff.obj (.bss)
                  200016ba    00000002     --HOLE--
                  200016bc    00000004     usbdsdcard.obj (.bss)

.stack     0    200016c0    00000400     UNINITIALIZED
                  200016c0    00000400     --HOLE--

.data      0    20001ac0    0000022a     
                  20001ac0    00000180     main.obj (.data:fileArr)
                  20001c40    0000004c     usblib-cm4f.lib : usbdmsc.obj (.data:g_sMSCDeviceInfo)
                  20001c8c    00000024                     : usbdmsc.obj (.data)
                  20001cb0    0000000c                     : usbtick.obj (.data)
                  20001cbc    00000009                     : usbmode.obj (.data)
                  20001cc5    00000003     --HOLE--
                  20001cc8    00000008     rtsv7M4_T_le_v4SPD16_eabi.lib : _lock.obj (.data)
                  20001cd0    00000008                                   : exit.obj (.data)
                  20001cd8    00000005     uartstdio.obj (.data)
                  20001cdd    00000003     --HOLE--
                  20001ce0    00000004     rtsv7M4_T_le_v4SPD16_eabi.lib : stkdepth_vars.obj (.data)
                  20001ce4    00000004     usblib-cm4f.lib : usbdenum.obj (.data)
                  20001ce8    00000002     mmc-ek-lm4f232h5qd.obj (.data)


LINKER GENERATED COPY TABLES

__TI_cinit_table @ 00005238 records: 2, size/record: 8, table size: 16
	.data: load addr=00005178, load size=000000ac bytes, run addr=20001ac0, run size=0000022a bytes, compression=rle
	.bss: load addr=00005230, load size=00000008 bytes, run addr=20000000, run size=000016c0 bytes, compression=zero_init


LINKER GENERATED HANDLER TABLE

__TI_handler_table @ 00005224 records: 3, size/record: 4, table size: 12
	index: 0, handler: __TI_decompress_rle24
	index: 1, handler: __TI_decompress_none
	index: 2, handler: __TI_zero_init


GLOBAL SYMBOLS: SORTED ALPHABETICALLY BY Name 

address    name
--------   ----
00004cbb   ADCIntClear
00004c49   ADCIntEnable
0000486d   ADCSequenceConfigure
00004c79   ADCSequenceEnable
00003d2d   ADCSequenceStepConfigure
00004471   C$$EXIT
00001f05   DACWrite
0000478d   GPIODirModeSet
000030cd   GPIOPadConfigSet
00004285   GPIOPinConfigure
00004cc5   GPIOPinRead
00004bb9   GPIOPinTypeADC
00004bcb   GPIOPinTypeGPIOInput
00004bdd   GPIOPinTypeGPIOOutput
00004bef   GPIOPinTypeSSI
00004c01   GPIOPinTypeUART
00004ccf   GPIOPinWrite
000026f1   InitADC
000026b9   InitButtons
0000266d   InitDAC
000025f3   InitTimers
000025c5   InitUART
00003e6d   IntEnable
00004691   InternalUSBStartOfFrameTick
0000472d   InternalUSBTickInit
00001ef5   PacketIntHandler
00004caf   ResetISR
00001eeb   RxHandler
00001c8d   SD_read_wav
UNDEFED    SHT$$INIT_ARRAY$$Base
UNDEFED    SHT$$INIT_ARRAY$$Limit
00004d01   SSIBusy
000043a3   SSIConfigSetExpClk
00004cd9   SSIDataPut
00004ce3   SSIEnable
00001ee3   SampleIntHandler
00004a09   SysCtlADCSpeedSet
000027b1   SysCtlClockGet
00004d29   SysCtlDelay
00003fed   SysCtlPeripheralEnable
000034f9   SysCtlPeripheralReset
00004c59   SysCtlUSBPLLEnable
00001ed1   SysTickHandler
00004899   TimerConfigure
00004c87   TimerEnable
00004d35   TimerIntClear
00004d09   TimerIntEnable
00004c13   TimerLoadSet
00001ecd   TxHandler
000022e7   UARTStdioConfig
0000234b   UARTStdioInit
00002331   UARTStdioInitExpClk
000022d5   UARTgetc
00002245   UARTgets
00002025   UARTprintf
00001fe9   UARTwrite
00004ab9   USB0DeviceIntHandler
00004149   USBDCDConfigDescGet
000047e9   USBDCDConfigDescGetNum
00004ad1   USBDCDConfigDescGetSize
00004a65   USBDCDConfigGetInterface
00004579   USBDCDConfigGetInterfaceEndpoint
00002c71   USBDCDInit
00004c69   USBDCDSendDataEP0
00004a81   USBDCDStallEP0
00003309   USBDMSCCompositeInit
00001e6d   USBDMSCEventCallback
00004ae9   USBDMSCInit
00003b3b   USBDMSCStorageClose
00003b2b   USBDMSCStorageNumBlocks
00003b01   USBDMSCStorageOpen
00003aeb   USBDMSCStorageRead
00003ad5   USBDMSCStorageWrite
00002e49   USBDSCSICommand
00004815   USBDescGet
000048c1   USBDescGetNum
00004d39   USBDevAddrSet
00004ced   USBDevConnect
00004cf7   USBDevDisconnect
00003c45   USBDevEndpointConfigSet
00004935   USBDevEndpointDataAck
0000465b   USBDevEndpointStall
00004199   USBDevEndpointStallClear
00003f31   USBDevEndpointStatusClear
00004d11   USBDevMode
00002989   USBDeviceConfig
00003195   USBDeviceConfigAlternate
00002f29   USBDeviceEnumHandler
000046f9   USBDeviceEnumResetHandler
000033b9   USBDeviceIntHandlerInternal
000042cd   USBDeviceResumeTickHandler
00004a9d   USBEndpointDMAChannel
00004959   USBEndpointDMADisable
0000497d   USBEndpointDMAEnable
0000442d   USBEndpointDataGet
0000475d   USBEndpointDataPut
000047bb   USBEndpointDataSend
00004c25   USBEndpointStatus
00004d19   USBFIFOAddrGet
0000435d   USBFIFOConfigSet
00004b79   USBHostResume
000048e9   USBIntEnableControl
00004ba5   USBIntEnableEndpoint
000045ed   USBIntStatusControl
00004ca3   USBIntStatusEndpoint
00004d21   USBOTGMode
00004a29   USBStackModeSet
20001ac0   __STACK_END
00000400   __STACK_SIZE
200017c0   __STACK_TOP
00005238   __TI_CINIT_Base
00005248   __TI_CINIT_Limit
00005224   __TI_Handler_Table_Base
00005230   __TI_Handler_Table_Limit
00000001   __TI_args_main
0000358d   __TI_auto_init
00004c95   __TI_decompress_none
00004d2f   __TI_decompress_rle24
00000000   __TI_static_base__
00004c37   __TI_zero_init
00003bcd   __aeabi_memclr
00003bcd   __aeabi_memclr4
00003bcd   __aeabi_memclr8
0000345d   __aeabi_memcpy
0000345d   __aeabi_memcpy4
0000345d   __aeabi_memcpy8
00003bcf   __aeabi_memset
00003bcf   __aeabi_memset4
00003bcf   __aeabi_memset8
000044f9   __aeabi_uidivmod
ffffffff   __binit__
ffffffff   __c_args__
200016c0   __stack
00004b49   _args_main
00004315   _c_int00
20001cd0   _cleanup_ptr
20001cd4   _dtors_ptr
20001cc8   _lock
00004b3d   _nop
00004b37   _register_lock
00004b31   _register_unlock
20001ccc   _unlock
00004475   abort
ffffffff   binit
20000000   cBuff
00004239   copy_in
20000a58   dir
00001ae1   disk_initialize
0000193d   disk_ioctl
000017d1   disk_read
00001731   disk_status
00001717   disk_timerproc
00001669   disk_write
0000447d   exit
000014dd   f_chmod
000014cd   f_close
00001425   f_getfree
00001301   f_lseek
000011df   f_mkdir
000011a7   f_mount
0000106f   f_open
0000100f   f_opendir
00000ebb   f_read
00000e59   f_readdir
00000db3   f_rename
00000caf   f_stat
00000bbf   f_sync
00000af3   f_unlink
00000529   f_write
20001ac0   fileArr
20000a6c   fno
20001230   fs
20001cb0   g_bUSBTimerInitialized
20000ac4   g_eMSCState
20000bf8   g_eOTGModeState
20001cbc   g_eUSBMode
0000507c   g_pConfigString
000050dc   g_pDataInterfaceString
000050ac   g_pLangDescriptor
00005040   g_pMSCConfigDescriptors
00005010   g_pMSCInterface
0000512c   g_pManufacturerString
00005104   g_pProductString
000050b0   g_pSerialNumberString
000050c4   g_pStringDescriptors
20001680   g_pfTickHandlers
00000000   g_pfnVectors
20001ca8   g_psMSCSections
20000ad0   g_psUSBDevice
20001698   g_pvTickInstance
200016bc   g_sDriveInformation
00005038   g_sMSCConfigHeader
00005028   g_sMSCConfigSection
00004f88   g_sMSCDevice
20001c40   g_sMSCDeviceInfo
20001000   g_sMSCInstance
00005030   g_sMSCInterfaceSection
00004e34   g_sUSBMSCFIFOConfig
20001cb4   g_ulCurrentUSBTick
20000bf4   g_ulPollRate
20001cb8   g_ulUSBSOFCount
20001cc0   g_ulWaitTicks
0000152d   get_fattime
20000a84   latchHold
20000aa4   looping
00001d4f   main
20001ce0   main_func_sp
000049e7   memcmp
0000345d   memcpy
00003bd5   memset
20000a94   playing
00001c25   poll_buttons
20000ab4   pressed
20000c00   sDMAControlTable
2000145c   sampleFile
000044b5   uDMAChannelAttributeDisable
000049a1   uDMAChannelControlSet
00004b61   uDMAChannelEnable
00004841   uDMAChannelModeGet
00003a55   uDMAChannelTransferSet
20000ba4   whereLast


GLOBAL SYMBOLS: SORTED BY Symbol Address 

address    name
--------   ----
00000000   __TI_static_base__
00000000   g_pfnVectors
00000001   __TI_args_main
00000400   __STACK_SIZE
00000529   f_write
00000af3   f_unlink
00000bbf   f_sync
00000caf   f_stat
00000db3   f_rename
00000e59   f_readdir
00000ebb   f_read
0000100f   f_opendir
0000106f   f_open
000011a7   f_mount
000011df   f_mkdir
00001301   f_lseek
00001425   f_getfree
000014cd   f_close
000014dd   f_chmod
0000152d   get_fattime
00001669   disk_write
00001717   disk_timerproc
00001731   disk_status
000017d1   disk_read
0000193d   disk_ioctl
00001ae1   disk_initialize
00001c25   poll_buttons
00001c8d   SD_read_wav
00001d4f   main
00001e6d   USBDMSCEventCallback
00001ecd   TxHandler
00001ed1   SysTickHandler
00001ee3   SampleIntHandler
00001eeb   RxHandler
00001ef5   PacketIntHandler
00001f05   DACWrite
00001fe9   UARTwrite
00002025   UARTprintf
00002245   UARTgets
000022d5   UARTgetc
000022e7   UARTStdioConfig
00002331   UARTStdioInitExpClk
0000234b   UARTStdioInit
000025c5   InitUART
000025f3   InitTimers
0000266d   InitDAC
000026b9   InitButtons
000026f1   InitADC
000027b1   SysCtlClockGet
00002989   USBDeviceConfig
00002c71   USBDCDInit
00002e49   USBDSCSICommand
00002f29   USBDeviceEnumHandler
000030cd   GPIOPadConfigSet
00003195   USBDeviceConfigAlternate
00003309   USBDMSCCompositeInit
000033b9   USBDeviceIntHandlerInternal
0000345d   __aeabi_memcpy
0000345d   __aeabi_memcpy4
0000345d   __aeabi_memcpy8
0000345d   memcpy
000034f9   SysCtlPeripheralReset
0000358d   __TI_auto_init
00003a55   uDMAChannelTransferSet
00003ad5   USBDMSCStorageWrite
00003aeb   USBDMSCStorageRead
00003b01   USBDMSCStorageOpen
00003b2b   USBDMSCStorageNumBlocks
00003b3b   USBDMSCStorageClose
00003bcd   __aeabi_memclr
00003bcd   __aeabi_memclr4
00003bcd   __aeabi_memclr8
00003bcf   __aeabi_memset
00003bcf   __aeabi_memset4
00003bcf   __aeabi_memset8
00003bd5   memset
00003c45   USBDevEndpointConfigSet
00003d2d   ADCSequenceStepConfigure
00003e6d   IntEnable
00003f31   USBDevEndpointStatusClear
00003fed   SysCtlPeripheralEnable
00004149   USBDCDConfigDescGet
00004199   USBDevEndpointStallClear
00004239   copy_in
00004285   GPIOPinConfigure
000042cd   USBDeviceResumeTickHandler
00004315   _c_int00
0000435d   USBFIFOConfigSet
000043a3   SSIConfigSetExpClk
0000442d   USBEndpointDataGet
00004471   C$$EXIT
00004475   abort
0000447d   exit
000044b5   uDMAChannelAttributeDisable
000044f9   __aeabi_uidivmod
00004579   USBDCDConfigGetInterfaceEndpoint
000045ed   USBIntStatusControl
0000465b   USBDevEndpointStall
00004691   InternalUSBStartOfFrameTick
000046f9   USBDeviceEnumResetHandler
0000472d   InternalUSBTickInit
0000475d   USBEndpointDataPut
0000478d   GPIODirModeSet
000047bb   USBEndpointDataSend
000047e9   USBDCDConfigDescGetNum
00004815   USBDescGet
00004841   uDMAChannelModeGet
0000486d   ADCSequenceConfigure
00004899   TimerConfigure
000048c1   USBDescGetNum
000048e9   USBIntEnableControl
00004935   USBDevEndpointDataAck
00004959   USBEndpointDMADisable
0000497d   USBEndpointDMAEnable
000049a1   uDMAChannelControlSet
000049e7   memcmp
00004a09   SysCtlADCSpeedSet
00004a29   USBStackModeSet
00004a65   USBDCDConfigGetInterface
00004a81   USBDCDStallEP0
00004a9d   USBEndpointDMAChannel
00004ab9   USB0DeviceIntHandler
00004ad1   USBDCDConfigDescGetSize
00004ae9   USBDMSCInit
00004b31   _register_unlock
00004b37   _register_lock
00004b3d   _nop
00004b49   _args_main
00004b61   uDMAChannelEnable
00004b79   USBHostResume
00004ba5   USBIntEnableEndpoint
00004bb9   GPIOPinTypeADC
00004bcb   GPIOPinTypeGPIOInput
00004bdd   GPIOPinTypeGPIOOutput
00004bef   GPIOPinTypeSSI
00004c01   GPIOPinTypeUART
00004c13   TimerLoadSet
00004c25   USBEndpointStatus
00004c37   __TI_zero_init
00004c49   ADCIntEnable
00004c59   SysCtlUSBPLLEnable
00004c69   USBDCDSendDataEP0
00004c79   ADCSequenceEnable
00004c87   TimerEnable
00004c95   __TI_decompress_none
00004ca3   USBIntStatusEndpoint
00004caf   ResetISR
00004cbb   ADCIntClear
00004cc5   GPIOPinRead
00004ccf   GPIOPinWrite
00004cd9   SSIDataPut
00004ce3   SSIEnable
00004ced   USBDevConnect
00004cf7   USBDevDisconnect
00004d01   SSIBusy
00004d09   TimerIntEnable
00004d11   USBDevMode
00004d19   USBFIFOAddrGet
00004d21   USBOTGMode
00004d29   SysCtlDelay
00004d2f   __TI_decompress_rle24
00004d35   TimerIntClear
00004d39   USBDevAddrSet
00004e34   g_sUSBMSCFIFOConfig
00004f88   g_sMSCDevice
00005010   g_pMSCInterface
00005028   g_sMSCConfigSection
00005030   g_sMSCInterfaceSection
00005038   g_sMSCConfigHeader
00005040   g_pMSCConfigDescriptors
0000507c   g_pConfigString
000050ac   g_pLangDescriptor
000050b0   g_pSerialNumberString
000050c4   g_pStringDescriptors
000050dc   g_pDataInterfaceString
00005104   g_pProductString
0000512c   g_pManufacturerString
00005224   __TI_Handler_Table_Base
00005230   __TI_Handler_Table_Limit
00005238   __TI_CINIT_Base
00005248   __TI_CINIT_Limit
20000000   cBuff
20000a58   dir
20000a6c   fno
20000a84   latchHold
20000a94   playing
20000aa4   looping
20000ab4   pressed
20000ac4   g_eMSCState
20000ad0   g_psUSBDevice
20000ba4   whereLast
20000bf4   g_ulPollRate
20000bf8   g_eOTGModeState
20000c00   sDMAControlTable
20001000   g_sMSCInstance
20001230   fs
2000145c   sampleFile
20001680   g_pfTickHandlers
20001698   g_pvTickInstance
200016bc   g_sDriveInformation
200016c0   __stack
200017c0   __STACK_TOP
20001ac0   __STACK_END
20001ac0   fileArr
20001c40   g_sMSCDeviceInfo
20001ca8   g_psMSCSections
20001cb0   g_bUSBTimerInitialized
20001cb4   g_ulCurrentUSBTick
20001cb8   g_ulUSBSOFCount
20001cbc   g_eUSBMode
20001cc0   g_ulWaitTicks
20001cc8   _lock
20001ccc   _unlock
20001cd0   _cleanup_ptr
20001cd4   _dtors_ptr
20001ce0   main_func_sp
ffffffff   __binit__
ffffffff   __c_args__
ffffffff   binit
UNDEFED    SHT$$INIT_ARRAY$$Base
UNDEFED    SHT$$INIT_ARRAY$$Limit

[221 symbols]
